2026-04-20 15:47:22 - INFO - 初始化配置中...测试会话即将开始...
2026-04-20 15:47:22 - INFO - 初始化配置完成,测试会话开始!
2026-04-20 15:47:22 - INFO - =======================================================获取商铺类型列表测试=======================================================
2026-04-20 15:47:22 - INFO - 1.正在发送请求
2026-04-20 15:47:22 - INFO - {'method': 'GET', 'url': '/shop-type/list', 'headers': {}, 'params': {}, 'json': {}}
2026-04-20 15:47:22 - INFO - 3.正在提取变量
